// Jest Snapshot v1, https://goo.gl/fbAQLP

exports[`Pruebas en <ButtonBox/> debe de hacer match con el snapchot 1`] = `
<View
  style={
    Object {
      "flexDirection": "row",
      "marginTop": 20,
    }
  }
>
  <View
    accessible={true}
    collapsable={false}
    focusable={true}
    onClick={[Function]}
    onResponderGrant={[Function]}
    onResponderMove={[Function]}
    onResponderRelease={[Function]}
    onResponderTerminate={[Function]}
    onResponderTerminationRequest={[Function]}
    onStartShouldSetResponder={[Function]}
    style={
      Object {
        "alignItems": "center",
        "backgroundColor": "#334FFA",
        "borderRadius": 10,
        "flex": 1,
        "height": 50,
        "justifyContent": "center",
        "marginRight": 6,
        "opacity": 1,
      }
    }
  >
    <Text
      style={
        Object {
          "color": "#FFFFFF",
          "fontFamily": "Avenir",
          "fontSize": 16,
          "fontWeight": "800",
        }
      }
    >
      Todos
    </Text>
  </View>
</View>
`;
